// Jest Snapshot v1, https://goo.gl/fbAQLP

exports[`Should render header correctly 1`] = `
"<header>
  <h1>
    Expensify
  </h1>
  <NavLink to=\\"/\\" activeClassName=\\"is-active\\" exact={true}>
    Dashboard
  </NavLink>
  <NavLink to=\\"/create\\" activeClassName=\\"is-active\\">
    Create Expense
  </NavLink>
  <button onClick={[Function]}>
    Logout
  </button>
</header>"
`;
